\BOOKMARK [1][-]{section.1}{\376\377\000E\000i\000n\000f\000\374\000h\000r\000u\000n\000g\000\040\000u\000n\000d\000\040\000Z\000i\000e\000l\000e}{}% 1
\BOOKMARK [2][-]{subsection.1.1}{\376\377\000A\000u\000f\000g\000a\000b\000e\000n\000s\000t\000e\000l\000l\000u\000n\000g}{section.1}% 2
\BOOKMARK [2][-]{subsection.1.2}{\376\377\000A\000r\000c\000h\000i\000t\000e\000k\000t\000u\000r\000z\000i\000e\000l\000e}{section.1}% 3
\BOOKMARK [2][-]{subsection.1.3}{\376\377\000W\000e\000s\000e\000n\000t\000l\000i\000c\000h\000e\000\040\000f\000a\000c\000h\000l\000i\000c\000h\000e\000\040\000A\000n\000f\000o\000r\000d\000e\000r\000u\000n\000g\000e\000n}{section.1}% 4
\BOOKMARK [1][-]{section.2}{\376\377\000R\000a\000n\000d\000b\000e\000d\000i\000n\000g\000u\000n\000g\000e\000n}{}% 5
\BOOKMARK [2][-]{subsection.2.1}{\376\377\000T\000e\000c\000h\000n\000i\000s\000c\000h\000e\000\040\000R\000a\000n\000d\000b\000e\000d\000i\000n\000g\000u\000n\000g\000e\000n}{section.2}% 6
\BOOKMARK [2][-]{subsection.2.2}{\376\377\000P\000r\000o\000j\000e\000k\000t\000g\000r\000e\000n\000z\000e\000n}{section.2}% 7
\BOOKMARK [1][-]{section.3}{\376\377\000K\000o\000n\000t\000e\000x\000t\000a\000b\000g\000r\000e\000n\000z\000u\000n\000g}{}% 8
\BOOKMARK [2][-]{subsection.3.1}{\376\377\000F\000a\000c\000h\000l\000i\000c\000h\000e\000r\000\040\000K\000o\000n\000t\000e\000x\000t}{section.3}% 9
\BOOKMARK [1][-]{section.4}{\376\377\000L\000\366\000s\000u\000n\000g\000s\000s\000t\000r\000a\000t\000e\000g\000i\000e}{}% 10
\BOOKMARK [2][-]{subsection.4.1}{\376\377\000S\000t\000r\000a\000t\000e\000g\000i\000c\000\040\000D\000o\000m\000a\000i\000n\000-\000D\000r\000i\000v\000e\000n\000\040\000D\000e\000s\000i\000g\000n}{section.4}% 11
\BOOKMARK [2][-]{subsection.4.2}{\376\377\000D\000a\000t\000e\000n\000h\000o\000h\000e\000i\000t\000\040\000u\000n\000d\000\040\000I\000n\000t\000e\000g\000r\000a\000t\000i\000o\000n\000s\000p\000r\000i\000n\000z\000i\000p}{section.4}% 12
\BOOKMARK [1][-]{section.5}{\376\377\000B\000a\000u\000s\000t\000e\000i\000n\000s\000i\000c\000h\000t}{}% 13
\BOOKMARK [2][-]{subsection.5.1}{\376\377\000E\000b\000e\000n\000e\000\040\0001\000:\000\040\000S\000y\000s\000t\000e\000m\000\374\000b\000e\000r\000s\000i\000c\000h\000t}{section.5}% 14
\BOOKMARK [2][-]{subsection.5.2}{\376\377\000E\000x\000t\000e\000r\000n\000e\000\040\000S\000c\000h\000n\000i\000t\000t\000s\000t\000e\000l\000l\000e\000n}{section.5}% 15
\BOOKMARK [2][-]{subsection.5.3}{\376\377\000I\000n\000t\000e\000r\000n\000e\000\040\000S\000c\000h\000n\000i\000t\000t\000s\000t\000e\000l\000l\000e\000n}{section.5}% 16
\BOOKMARK [1][-]{section.6}{\376\377\000L\000a\000u\000f\000z\000e\000i\000t\000s\000i\000c\000h\000t}{}% 17
\BOOKMARK [2][-]{subsection.6.1}{\376\377\000H\000a\000p\000p\000y\000\040\000P\000a\000t\000h}{section.6}% 18
\BOOKMARK [2][-]{subsection.6.2}{\376\377\000F\000e\000h\000l\000e\000r\000f\000a\000l\000l\000,\000\040\000C\000i\000r\000c\000u\000i\000t\000\040\000B\000r\000e\000a\000k\000e\000r\000\040\000u\000n\000d\000\040\000R\000e\000t\000r\000y}{section.6}% 19
\BOOKMARK [1][-]{section.7}{\376\377\000V\000e\000r\000t\000e\000i\000l\000u\000n\000g\000s\000s\000i\000c\000h\000t}{}% 20
\BOOKMARK [2][-]{subsection.7.1}{\376\377\000D\000e\000p\000l\000o\000y\000m\000e\000n\000t\000-\000P\000r\000i\000n\000z\000i\000p\000i\000e\000n}{section.7}% 21
\BOOKMARK [1][-]{section.8}{\376\377\000Q\000u\000e\000r\000s\000c\000h\000n\000i\000t\000t\000l\000i\000c\000h\000e\000\040\000K\000o\000n\000z\000e\000p\000t\000e}{}% 22
\BOOKMARK [2][-]{subsection.8.1}{\376\377\000S\000t\000a\000t\000u\000s\000-\000\040\000u\000n\000d\000\040\000E\000r\000g\000e\000b\000n\000i\000s\000m\000o\000d\000e\000l\000l}{section.8}% 23
\BOOKMARK [2][-]{subsection.8.2}{\376\377\000R\000e\000s\000i\000l\000i\000e\000n\000c\000e}{section.8}% 24
\BOOKMARK [2][-]{subsection.8.3}{\376\377\000P\000e\000r\000s\000i\000s\000t\000e\000n\000z\000\040\000u\000n\000d\000\040\000D\000a\000t\000e\000n\000h\000o\000h\000e\000i\000t}{section.8}% 25
\BOOKMARK [1][-]{section.9}{\376\377\000A\000r\000c\000h\000i\000t\000e\000k\000t\000u\000r\000e\000n\000t\000s\000c\000h\000e\000i\000d\000u\000n\000g\000e\000n}{}% 26
\BOOKMARK [2][-]{subsection.9.1}{\376\377\000A\000D\000R\000-\0000\0001\000:\000\040\000F\000a\000c\000h\000l\000i\000c\000h\000e\000r\000\040\000S\000c\000h\000n\000i\000t\000t\000\040\000s\000t\000a\000t\000t\000\040\000t\000e\000c\000h\000n\000i\000s\000c\000h\000e\000r\000\040\000L\000a\000y\000e\000r}{section.9}% 27
\BOOKMARK [2][-]{subsection.9.2}{\376\377\000A\000D\000R\000-\0000\0002\000:\000\040\000R\000E\000S\000T\000/\000H\000T\000T\000P\000\040\000f\000\374\000r\000\040\000V\000e\000r\000s\000i\000o\000n\000\040\0001}{section.9}% 28
\BOOKMARK [2][-]{subsection.9.3}{\376\377\000A\000D\000R\000-\0000\0003\000:\000\040\000C\000h\000o\000r\000e\000o\000g\000r\000a\000p\000h\000i\000e\000\040\000s\000t\000a\000t\000t\000\040\000z\000e\000n\000t\000r\000a\000l\000e\000r\000\040\000O\000r\000c\000h\000e\000s\000t\000r\000a\000t\000i\000o\000n}{section.9}% 29
\BOOKMARK [2][-]{subsection.9.4}{\376\377\000A\000D\000R\000-\0000\0004\000:\000\040\000C\000i\000r\000c\000u\000i\000t\000\040\000B\000r\000e\000a\000k\000e\000r\000\040\000m\000i\000t\000\040\000R\000e\000s\000i\000l\000i\000e\000n\000c\000e\0004\000j}{section.9}% 30
\BOOKMARK [2][-]{subsection.9.5}{\376\377\000A\000D\000R\000-\0000\0005\000:\000\040\000C\000o\000n\000t\000a\000i\000n\000e\000r\000\040\000p\000r\000o\000\040\000M\000i\000c\000r\000o\000s\000e\000r\000v\000i\000c\000e}{section.9}% 31
\BOOKMARK [2][-]{subsection.9.6}{\376\377\000A\000D\000R\000-\0000\0006\000:\000\040\000K\000e\000i\000n\000e\000\040\000S\000h\000a\000r\000e\000d\000\040\000P\000e\000r\000s\000i\000s\000t\000e\000n\000c\000e}{section.9}% 32
\BOOKMARK [1][-]{section.10}{\376\377\000Q\000u\000a\000l\000i\000t\000\344\000t\000s\000a\000n\000f\000o\000r\000d\000e\000r\000u\000n\000g\000e\000n\000\040\000u\000n\000d\000\040\000A\000r\000c\000h\000i\000t\000e\000c\000t\000u\000r\000e\000\040\000S\000m\000e\000l\000l\000s}{}% 33
\BOOKMARK [2][-]{subsection.10.1}{\376\377\000P\000r\000i\000o\000r\000i\000s\000i\000e\000r\000t\000e\000\040\000P\000r\000o\000b\000l\000e\000m\000e\000\040\000u\000n\000d\000\040\000G\000e\000g\000e\000n\000m\000a\000\337\000n\000a\000h\000m\000e\000n}{section.10}% 34
\BOOKMARK [2][-]{subsection.10.2}{\376\377\000Q\000u\000a\000l\000i\000t\000\344\000t\000s\000s\000z\000e\000n\000a\000r\000i\000e\000n}{section.10}% 35
\BOOKMARK [1][-]{section.11}{\376\377\000R\000i\000s\000i\000k\000e\000n\000\040\000u\000n\000d\000\040\000t\000e\000c\000h\000n\000i\000s\000c\000h\000e\000\040\000S\000c\000h\000u\000l\000d\000e\000n}{}% 36
\BOOKMARK [1][-]{section.12}{\376\377\000Q\000u\000e\000l\000l\000e\000n\000b\000a\000s\000i\000s}{}% 37
\BOOKMARK [1][-]{section.13}{\376\377\000E\000r\000k\000l\000\344\000r\000u\000n\000g\000\040\000z\000u\000r\000\040\000N\000u\000t\000z\000u\000n\000g\000\040\000v\000o\000n\000\040\000K\000I\000-\000W\000e\000r\000k\000z\000e\000u\000g\000e\000n}{}% 38
\BOOKMARK [2][-]{subsection.13.1}{\376\377\000E\000i\000n\000g\000e\000s\000e\000t\000z\000t\000e\000\040\000W\000e\000r\000k\000z\000e\000u\000g\000e}{section.13}% 39
\BOOKMARK [2][-]{subsection.13.2}{\376\377\000A\000r\000t\000\040\000u\000n\000d\000\040\000U\000m\000f\000a\000n\000g\000\040\000d\000e\000r\000\040\000N\000u\000t\000z\000u\000n\000g}{section.13}% 40
\BOOKMARK [2][-]{subsection.13.3}{\376\377\000G\000r\000e\000n\000z\000e\000n\000\040\000d\000e\000r\000\040\000N\000u\000t\000z\000u\000n\000g}{section.13}% 41
\BOOKMARK [1][-]{subsection.13.3}{\376\377\000L\000i\000t\000e\000r\000a\000t\000u\000r\000v\000e\000r\000z\000e\000i\000c\000h\000n\000i\000s}{}% 42
